I'm sorry, but errors were detected in your script. Please correct the
errors listed below, and try again.


File "game/script.rpy", line 7: invalid syntax
    default score_chance = 0
             ^
    

Ren'Py Version: Ren'Py 8.0.3.22090809
Thu Dec 22 22:00:18 2022
